../Drivers/OLED/Src/ssd1306.c:8:6:ssd1306_Reset	4	static
../Drivers/OLED/Src/ssd1306.c:13:6:ssd1306_WriteCommand	32	static
../Drivers/OLED/Src/ssd1306.c:19:6:ssd1306_WriteData	32	static
../Drivers/OLED/Src/ssd1306.c:25:6:ssd1306_WriteData_DMA	24	static
../Drivers/OLED/Src/ssd1306.c:71:17:ssd1306_FillBuffer	24	static
../Drivers/OLED/Src/ssd1306.c:81:6:ssd1306_Init	8	static
../Drivers/OLED/Src/ssd1306.c:183:6:ssd1306_Fill	16	static
../Drivers/OLED/Src/ssd1306.c:188:6:ssd1306_UpdateScreen	16	static
../Drivers/OLED/Src/ssd1306.c:209:6:ssd1306_DrawPixel	16	static
../Drivers/OLED/Src/ssd1306.c:229:6:ssd1306_WriteChar	48	static
../Drivers/OLED/Src/ssd1306.c:266:6:ssd1306_WriteString	32	static
../Drivers/OLED/Src/ssd1306.c:280:6:ssd1306_SetCursor	16	static
../Drivers/OLED/Src/ssd1306.c:286:6:ssd1306_Line	48	static
../Drivers/OLED/Src/ssd1306.c:313:6:ssd1306_Polyline	40	static
../Drivers/OLED/Src/ssd1306.c:327:14:ssd1306_DegToRad	16	static
../Drivers/OLED/Src/ssd1306.c:332:17:ssd1306_NormalizeTo0_360	24	static
../Drivers/OLED/Src/ssd1306.c:348:6:ssd1306_DrawArc	64	static
../Drivers/OLED/Src/ssd1306.c:388:6:ssd1306_DrawArcWithRadiusLine	72	static
../Drivers/OLED/Src/ssd1306.c:431:6:ssd1306_DrawCircle	40	static
../Drivers/OLED/Src/ssd1306.c:466:6:ssd1306_FillCircle	48	static
../Drivers/OLED/Src/ssd1306.c:502:6:ssd1306_DrawRectangle	32	static
../Drivers/OLED/Src/ssd1306.c:512:6:ssd1306_FillRectangle	32	static
../Drivers/OLED/Src/ssd1306.c:526:17:ssd1306_InvertRectangle	32	static
../Drivers/OLED/Src/ssd1306.c:557:6:ssd1306_DrawBitmap	24	static
../Drivers/OLED/Src/ssd1306.c:581:6:ssd1306_SetContrast	24	static
../Drivers/OLED/Src/ssd1306.c:587:6:ssd1306_SetDisplayOn	24	static
../Drivers/OLED/Src/ssd1306.c:599:9:ssd1306_GetDisplayOn	4	static
