../Core/Src/main.c:83:5:main	184	static
../Core/Src/main.c:157:6:SystemClock_Config	88	static
../Core/Src/main.c:203:13:MX_I2C1_Init	8	static
../Core/Src/main.c:237:13:MX_I2C2_Init	8	static
../Core/Src/main.c:271:13:MX_TIM2_Init	48	static
../Core/Src/main.c:328:13:MX_TIM3_Init	48	static
../Core/Src/main.c:385:13:MX_TIM11_Init	8	static
../Core/Src/main.c:416:13:MX_GPIO_Init	48	static
../Core/Src/main.c:454:6:HAL_TIM_PeriodElapsedCallback	16	static
../Core/Src/main.c:471:6:Error_Handler	4	static,ignoring_inline_asm
